Step 16F - Cold-day spell catalogue
====================================
step: Step 16F
completed_utc: 2026-09-28T18:12:38.787765+00:00
cold_day_spells: 73
cold_night_spells_same_period: 85
cold_day_spells_overlapping_cold_night: 33
cold_night_spells_overlapping_cold_day: 35
shared_days: 110
cold_night_days: 430
cold_day_days: 383
trends_per_winter: {'cold_night_spells': {'spearman_rho': -0.20784906494435143, 'p_value': 0.1981022332936296, 'ols_slope_per_decade': -0.29174484052533184}, 'cold_day_spells': {'spearman_rho': 0.3002593033499357, 'p_value': 0.059770124850429616, 'ols_slope_per_decade': 0.2711069418386514}, 'cold_night_days': {'spearman_rho': -0.27358856745543736, 'p_value': 0.08759544708454318, 'ols_slope_per_decade': -2.4821763602251714}, 'cold_day_days': {'spearman_rho': 0.2905819976198405, 'p_value': 0.06891152959847703, 'ols_slope_per_decade': 0.9971857410881811}}
january_2024_cold_day_spells: [{'start_date': '2024-01-12', 'end_date': '2024-01-18', 'duration_days': '7'}, {'start_date': '2024-01-21', 'end_date': '2024-01-25', 'duration_days': '5'}]
invalid_national_days: 0

Duration distribution (cold-day spells):
duration_days
3     21
4     16
5     10
6      9
7      6
8      1
9      4
10     3
11     1
12     1
13     1

Spell types:
      type  pure  events  mean_duration  mean_nat_tmin_anom  mean_nat_tmax_anom  mean_nat_dtr_anom
  cold_day False      33           5.70               -1.85               -3.27              -1.42
  cold_day  True      40           4.88                0.55               -3.14              -3.69
cold_night False      35           5.51               -2.89               -2.48               0.42
cold_night  True      50           4.74               -2.62               -0.75               1.87

Pure cold-day minus pure cold-night (event means):
                        variable  cold_day_mean  cold_night_mean  difference  ci_low  ci_high  q_fdr
                   nat_tmin_anom          0.549           -2.619       3.168   2.739    3.682  0.000
                   nat_tmax_anom         -3.137           -0.753      -2.384  -2.756   -1.976  0.000
                    nat_dtr_anom         -3.687            1.867      -5.554  -6.019   -5.116  0.000
                era5_bd_t2m_anom          0.193           -1.914       2.107   1.682    2.571  0.000
               era5_bd_t850_anom         -0.478           -1.322       0.844   0.324    1.379  0.004
era5_bd_stab_t2m_minus_t850_anom          0.671           -0.591       1.262   0.743    1.764  0.000
               era5_bd_z500_anom         -5.989          -13.463       7.474  -8.038   23.372  0.536
               era5_bd_mslp_anom          0.303            0.081       0.222  -0.587    1.059  0.612
               era5_bd_u850_anom         -0.230           -0.031      -0.199  -0.906    0.436  0.599
               era5_bd_v850_anom          0.852           -0.892       1.745   1.169    2.399  0.000
             era5_bd_wspd10_anom          0.085            0.177      -0.092  -0.196    0.013  0.149
               era5_sa_z500_anom         -4.019           -8.338       4.319  -8.072   17.636  0.599
               era5_sa_mslp_anom          0.230           -0.109       0.339  -0.602    1.291  0.599
               era5_sa_t850_anom         -0.451           -0.603       0.152  -0.288    0.617  0.599
