prenight           win_strd_day_anom                        OR=1.56
prenight           win_ssrd_day_anom                        OR=0.95
prenight           win_tcc_day_anom                         OR=1.04
prenight           win_td2m_day_anom                        OR=2.17
prenight           win_low1000_day_anom                     OR=0.89
prenight           win_fog300_day_anom                      OR=0.98
prenight           win_blh_day_anom                         OR=1.02
prenight           dly_tcc_00utc_anom                       OR=0.91
prenight           dly_lowcloud1000_frac_00utc_anom         OR=0.87
prenight           dly_fog300_frac_00utc_anom               OR=1.00
prenight           dly_dpd_00utc_anom                       OR=0.77
prenight           win_strd_day_tend                        OR=1.21
prenight           win_td2m_day_tend                        OR=1.55
prenight           win_tcc_day_tend                         OR=1.04
night_overlapping  win_strd_night_anom                      OR=2.61
night_overlapping  win_tcc_night_anom                       OR=1.69
night_overlapping  win_td2m_night_anom                      OR=4.36
night_overlapping  win_low1000_night_anom                   OR=1.08
night_overlapping  win_fog300_night_anom                    OR=1.33
Step 16W - Pre-night hazard (7A) and precipitation check (7B)
============================================================
7A. Hazard odds ratios
           family                        predictor  odds_ratio_per_sd  ci_low  ci_high  p_bootstrap  q_fdr_family
         prenight                win_strd_day_anom              1.564   0.973    2.512        0.059         0.275
         prenight                win_ssrd_day_anom              0.948   0.598    1.589        0.836         0.961
         prenight                 win_tcc_day_anom              1.044   0.649    1.513        0.850         0.961
         prenight                win_td2m_day_anom              2.170   1.318    4.526        0.004         0.056
         prenight             win_low1000_day_anom              0.890   0.623    1.280        0.490         0.961
         prenight              win_fog300_day_anom              0.978   0.694    1.614        0.865         0.961
         prenight                 win_blh_day_anom              1.023   0.657    1.495        0.892         0.961
         prenight               dly_tcc_00utc_anom              0.907   0.560    1.322        0.591         0.961
         prenight dly_lowcloud1000_frac_00utc_anom              0.871   0.621    1.184        0.344         0.803
         prenight       dly_fog300_frac_00utc_anom              0.996   0.667    1.568        0.982         0.982
         prenight               dly_dpd_00utc_anom              0.765   0.512    1.063        0.099         0.347
         prenight                win_strd_day_tend              1.212   0.877    1.737        0.225         0.630
         prenight                win_td2m_day_tend              1.551   1.052    2.562        0.023         0.161
         prenight                 win_tcc_day_tend              1.036   0.759    1.442        0.808         0.961
night_overlapping              win_strd_night_anom              2.607   1.798    4.691        0.000         0.000
night_overlapping               win_tcc_night_anom              1.688   1.238    2.600        0.003         0.005
night_overlapping              win_td2m_night_anom              4.358   2.666   11.901        0.000         0.000
night_overlapping           win_low1000_night_anom              1.085   0.697    1.626        0.696         0.696
night_overlapping            win_fog300_night_anom              1.325   0.825    2.254        0.195         0.244

7B. Precipitation, pure cold-day minus pure cold-night
        variable  cold_day_mean  cold_night_mean  difference  ci_low  ci_high  p_bootstrap  n_a  n_b  q_fdr  pure_cold_day_spells  dry_cold_day_spells
    tp_utcday_mm          2.241            0.097       2.144   1.179    3.395          0.0   40   50    0.0                    40                   22
       tp_day_mm          1.258            0.056       1.202   0.665    1.886          0.0   40   50    0.0                    40                   22
wet_day_fraction          0.326            0.020       0.306   0.190    0.436          0.0   40   50    0.0                    40                   22

7B. Dry cold-day spells only (event-mean precipitation < 1 mm/day) vs cold-night
                        variable  dry_cold_day_mean  cold_night_mean  difference  ci_low  ci_high  q_fdr  n_a  n_b
                   nat_tmin_anom             -0.039           -2.619       2.580   2.223    2.908    0.0   22   50
                   nat_tmax_anom             -3.187           -0.753      -2.434  -2.905   -1.934    0.0   22   50
                    nat_dtr_anom             -3.148            1.867      -5.015  -5.527   -4.439    0.0   22   50
                win_tcc_day_anom              0.086           -0.131       0.217   0.160    0.268    0.0   22   50
               win_strd_day_anom             -1.418          -19.892      18.474  14.855   21.728    0.0   22   50
               win_ssrd_day_anom             -4.572           25.761     -30.333 -39.747  -21.130    0.0   22   50
               win_td2m_day_anom              0.047           -2.755       2.803   2.364    3.195    0.0   22   50
dly_lowcloud1000_frac_00utc_anom              0.052           -0.101       0.154   0.110    0.199    0.0   22   50
      dly_fog300_frac_00utc_anom              0.007           -0.048       0.055   0.035    0.077    0.0   22   50
              dly_dpd_00utc_anom             -0.335            0.699      -1.035  -1.163   -0.901    0.0   22   50
