Policy written: 00_admin/step16a_era5_box_daily_policy.json
done 1985-10  days=31
done 1985-11  days=30
done 1985-12  days=31
done 1986-01  days=31
done 1986-02  days=28
done 1986-03  days=31
done 1986-10  days=31
done 1986-11  days=30
done 1986-12  days=31
done 1987-01  days=31
done 1987-02  days=28
done 1987-03  days=31
done 1987-10  days=31
done 1987-11  days=30
done 1987-12  days=31
done 1988-01  days=31
done 1988-02  days=29
done 1988-03  days=31
done 1988-10  days=31
done 1988-11  days=30
done 1988-12  days=31
done 1989-01  days=31
done 1989-02  days=28
done 1989-03  days=31
done 1989-10  days=31
done 1989-11  days=30
done 1989-12  days=31
done 1990-01  days=31
done 1990-02  days=28
done 1990-03  days=31
done 1990-10  days=31
done 1990-11  days=30
done 1990-12  days=31
done 1991-01  days=31
done 1991-02  days=28
done 1991-03  days=31
done 1991-10  days=31
done 1991-11  days=30
done 1991-12  days=31
done 1992-01  days=31
done 1992-02  days=29
done 1992-03  days=31
done 1992-10  days=31
done 1992-11  days=30
done 1992-12  days=31
done 1993-01  days=31
done 1993-02  days=28
done 1993-03  days=31
done 1993-10  days=31
done 1993-11  days=30
done 1993-12  days=31
done 1994-01  days=31
done 1994-02  days=28
done 1994-03  days=31
done 1994-10  days=31
done 1994-11  days=30
done 1994-12  days=31
done 1995-01  days=31
done 1995-02  days=28
done 1995-03  days=31
done 1995-10  days=31
done 1995-11  days=30
done 1995-12  days=31
done 1996-01  days=31
done 1996-02  days=29
done 1996-03  days=31
done 1996-10  days=31
done 1996-11  days=30
done 1996-12  days=31
done 1997-01  days=31
done 1997-02  days=28
done 1997-03  days=31
done 1997-10  days=31
done 1997-11  days=30
done 1997-12  days=31
done 1998-01  days=31
done 1998-02  days=28
done 1998-03  days=31
done 1998-10  days=31
done 1998-11  days=30
done 1998-12  days=31
done 1999-01  days=31
done 1999-02  days=28
done 1999-03  days=31
done 1999-10  days=31
done 1999-11  days=30
done 1999-12  days=31
done 2000-01  days=31
done 2000-02  days=29
done 2000-03  days=31
done 2000-10  days=31
done 2000-11  days=30
done 2000-12  days=31
done 2001-01  days=31
done 2001-02  days=28
done 2001-03  days=31
done 2001-10  days=31
done 2001-11  days=30
done 2001-12  days=31
done 2002-01  days=31
done 2002-02  days=28
done 2002-03  days=31
done 2002-10  days=31
done 2002-11  days=30
done 2002-12  days=31
done 2003-01  days=31
done 2003-02  days=28
done 2003-03  days=31
done 2003-10  days=31
done 2003-11  days=30
done 2003-12  days=31
done 2004-01  days=31
done 2004-02  days=29
done 2004-03  days=31
done 2004-10  days=31
done 2004-11  days=30
done 2004-12  days=31
done 2005-01  days=31
done 2005-02  days=28
done 2005-03  days=31
done 2005-10  days=31
done 2005-11  days=30
done 2005-12  days=31
done 2006-01  days=31
done 2006-02  days=28
done 2006-03  days=31
done 2006-10  days=31
done 2006-11  days=30
done 2006-12  days=31
done 2007-01  days=31
done 2007-02  days=28
done 2007-03  days=31
done 2007-10  days=31
done 2007-11  days=30
done 2007-12  days=31
done 2008-01  days=31
done 2008-02  days=29
done 2008-03  days=31
done 2008-10  days=31
done 2008-11  days=30
done 2008-12  days=31
done 2009-01  days=31
done 2009-02  days=28
done 2009-03  days=31
done 2009-10  days=31
done 2009-11  days=30
done 2009-12  days=31
done 2010-01  days=31
done 2010-02  days=28
done 2010-03  days=31
done 2010-10  days=31
done 2010-11  days=30
done 2010-12  days=31
done 2011-01  days=31
done 2011-02  days=28
done 2011-03  days=31
done 2011-10  days=31
done 2011-11  days=30
done 2011-12  days=31
done 2012-01  days=31
done 2012-02  days=29
done 2012-03  days=31
done 2012-10  days=31
done 2012-11  days=30
done 2012-12  days=31
done 2013-01  days=31
done 2013-02  days=28
done 2013-03  days=31
done 2013-10  days=31
done 2013-11  days=30
done 2013-12  days=31
done 2014-01  days=31
done 2014-02  days=28
done 2014-03  days=31
done 2014-10  days=31
done 2014-11  days=30
done 2014-12  days=31
done 2015-01  days=31
done 2015-02  days=28
done 2015-03  days=31
done 2015-10  days=31
done 2015-11  days=30
done 2015-12  days=31
done 2016-01  days=31
done 2016-02  days=29
done 2016-03  days=31
done 2016-10  days=31
done 2016-11  days=30
done 2016-12  days=31
done 2017-01  days=31
done 2017-02  days=28
done 2017-03  days=31
done 2017-10  days=31
done 2017-11  days=30
done 2017-12  days=31
done 2018-01  days=31
done 2018-02  days=28
done 2018-03  days=31
done 2018-10  days=31
done 2018-11  days=30
done 2018-12  days=31
done 2019-01  days=31
done 2019-02  days=28
done 2019-03  days=31
done 2019-10  days=31
done 2019-11  days=30
done 2019-12  days=31
done 2020-01  days=31
done 2020-02  days=29
done 2020-03  days=31
done 2020-10  days=31
done 2020-11  days=30
done 2020-12  days=31
done 2021-01  days=31
done 2021-02  days=28
done 2021-03  days=31
done 2021-10  days=31
done 2021-11  days=30
done 2021-12  days=31
done 2022-01  days=31
done 2022-02  days=28
done 2022-03  days=31
done 2022-10  days=31
done 2022-11  days=30
done 2022-12  days=31
done 2023-01  days=31
done 2023-02  days=28
done 2023-03  days=31
done 2023-10  days=31
done 2023-11  days=30
done 2023-12  days=31
done 2024-01  days=31
done 2024-02  days=29
done 2024-03  days=31
done 2024-10  days=31
done 2024-11  days=30
done 2024-12  days=31
done 2025-01  days=31
done 2025-02  days=28
done 2025-03  days=31
Step 16A - Daily ERA5 box-mean extraction
============================================
Completed (UTC): 2026-09-23T16:59:42.234110+00:00
Output: 03_intermediate/era5_box_daily/era5_box_daily_oct_mar.csv
Rows: 7290 (expected 7290)
Period: 1985-10-01 to 2025-03-31
Columns (38): bd_geopotential_height_m_1000, bd_geopotential_height_m_850, bd_geopotential_height_m_500, bd_geopotential_height_m_200, bd_air_temperature_k_1000, bd_air_temperature_k_850, bd_air_temperature_k_700, bd_air_temperature_k_500, bd_u_wind_ms_850, bd_u_wind_ms_500, bd_u_wind_ms_200, bd_v_wind_ms_850, bd_v_wind_ms_500, bd_v_wind_ms_200, bd_t2m_c, bd_msl_hpa, bd_u10_ms, bd_v10_ms, bd_wspd10_ms, sa_geopotential_height_m_1000, sa_geopotential_height_m_850, sa_geopotential_height_m_500, sa_geopotential_height_m_200, sa_air_temperature_k_1000, sa_air_temperature_k_850, sa_air_temperature_k_700, sa_air_temperature_k_500, sa_u_wind_ms_850, sa_u_wind_ms_500, sa_u_wind_ms_200, sa_v_wind_ms_850, sa_v_wind_ms_500, sa_v_wind_ms_200, sa_t2m_c, sa_msl_hpa, sa_u10_ms, sa_v10_ms, sa_wspd10_ms
Missing months: 0
Bangladesh-box T2m range (degC): (9.319861169031874, 28.205137335959417)
SHA-256: 3a05672f47ef04abb11d81ee030b2079be012835c0295cb0aecf7ecf2baf8823

Validation: PASS - no issues found.
