prenight           win_strd_day_anom                        OR=1.56
prenight           win_ssrd_day_anom                        OR=0.95
prenight           win_tcc_day_anom                         OR=1.04
prenight           win_td2m_day_anom                        OR=2.17
prenight           win_low1000_day_anom                     OR=0.89
prenight           win_fog300_day_anom                      OR=0.98
prenight           win_blh_day_anom                         OR=1.02
prenight           dly_tcc_00utc_anom                       OR=0.91
prenight           dly_lowcloud1000_frac_00utc_anom         OR=0.87
prenight           dly_fog300_frac_00utc_anom               OR=1.00
prenight           dly_dpd_00utc_anom                       OR=0.77
prenight           win_strd_day_tend                        OR=1.21
prenight           win_td2m_day_tend                        OR=1.55
prenight           win_tcc_day_tend                         OR=1.04
night_overlapping  win_strd_night_anom                      OR=2.61
night_overlapping  win_tcc_night_anom                       OR=1.69
night_overlapping  win_td2m_night_anom                      OR=4.36
night_overlapping  win_low1000_night_anom                   OR=1.08
night_overlapping  win_fog300_night_anom                    OR=1.33
Step 16W - Pre-night hazard (7A) and precipitation check (7B)
============================================================
7A. Hazard odds ratios
           family                        predictor  odds_ratio_per_sd  ci_low  ci_high  p_bootstrap  q_fdr_family
         prenight                win_strd_day_anom              1.564   0.973    2.512        0.059         0.275
         prenight                win_ssrd_day_anom              0.948   0.598    1.589        0.836         0.961
         prenight                 win_tcc_day_anom              1.044   0.649    1.513        0.850         0.961
         prenight                win_td2m_day_anom              2.170   1.318    4.526        0.004         0.056
         prenight             win_low1000_day_anom              0.890   0.623    1.280        0.490         0.961
         prenight              win_fog300_day_anom              0.978   0.694    1.614        0.865         0.961
         prenight                 win_blh_day_anom              1.023   0.657    1.495        0.892         0.961
         prenight               dly_tcc_00utc_anom              0.907   0.560    1.322        0.591         0.961
         prenight dly_lowcloud1000_frac_00utc_anom              0.871   0.621    1.184        0.344         0.803
         prenight       dly_fog300_frac_00utc_anom              0.996   0.667    1.568        0.982         0.982
         prenight               dly_dpd_00utc_anom              0.765   0.512    1.063        0.099         0.347
         prenight                win_strd_day_tend              1.212   0.877    1.737        0.225         0.630
         prenight                win_td2m_day_tend              1.551   1.052    2.562        0.023         0.161
         prenight                 win_tcc_day_tend              1.036   0.759    1.442        0.808         0.961
night_overlapping              win_strd_night_anom              2.607   1.798    4.691        0.000         0.000
night_overlapping               win_tcc_night_anom              1.688   1.238    2.600        0.003         0.005
night_overlapping              win_td2m_night_anom              4.358   2.666   11.901        0.000         0.000
night_overlapping           win_low1000_night_anom              1.085   0.697    1.626        0.696         0.696
night_overlapping            win_fog300_night_anom              1.325   0.825    2.254        0.195         0.244

7B. Precipitation, pure cold-day minus pure cold-night
        variable  cold_day_mean  cold_night_mean  difference  ci_low  ci_high  p_bootstrap  n_a  n_b  q_fdr  pure_cold_day_spells  dry_cold_day_spells
    tp_utcday_mm          2.298            0.097       2.201   1.210    3.424          0.0   39   50    0.0                    39                   21
       tp_day_mm          1.290            0.056       1.234   0.688    1.899          0.0   39   50    0.0                    39                   21
wet_day_fraction          0.334            0.020       0.314   0.195    0.442          0.0   39   50    0.0                    39                   21

7B. Dry cold-day spells only (event-mean precipitation < 1 mm/day) vs cold-night
                        variable  dry_cold_day_mean  cold_night_mean  difference  ci_low  ci_high  q_fdr  n_a  n_b
                   nat_tmin_anom             -0.091           -2.619       2.528   2.169    2.855    0.0   21   50
                   nat_tmax_anom             -3.197           -0.753      -2.444  -2.946   -1.906    0.0   21   50
                    nat_dtr_anom             -3.105            1.867      -4.973  -5.498   -4.363    0.0   21   50
                win_tcc_day_anom              0.087           -0.131       0.218   0.158    0.274    0.0   21   50
               win_strd_day_anom             -1.538          -19.892      18.354  14.569   21.767    0.0   21   50
               win_ssrd_day_anom             -4.859           25.761     -30.620 -40.553  -21.079    0.0   21   50
               win_td2m_day_anom             -0.008           -2.755       2.747   2.301    3.133    0.0   21   50
dly_lowcloud1000_frac_00utc_anom              0.051           -0.101       0.152   0.107    0.201    0.0   21   50
      dly_fog300_frac_00utc_anom              0.009           -0.048       0.057   0.036    0.080    0.0   21   50
              dly_dpd_00utc_anom             -0.324            0.699      -1.024  -1.155   -0.892    0.0   21   50
