done 1985-10
done 1985-11
done 1985-12
done 1986-01
done 1986-02
done 1986-03
done 1986-10
done 1986-11
done 1986-12
done 1987-01
done 1987-02
done 1987-03
done 1987-10
done 1987-11
done 1987-12
done 1988-01
done 1988-02
done 1988-03
done 1988-10
done 1988-11
done 1988-12
done 1989-01
done 1989-02
done 1989-03
done 1989-10
done 1989-11
done 1989-12
done 1990-01
done 1990-02
done 1990-03
done 1990-10
done 1990-11
done 1990-12
done 1991-01
done 1991-02
done 1991-03
done 1991-10
done 1991-11
done 1991-12
done 1992-01
done 1992-02
done 1992-03
done 1992-10
done 1992-11
done 1992-12
done 1993-01
done 1993-02
done 1993-03
done 1993-10
done 1993-11
done 1993-12
done 1994-01
done 1994-02
done 1994-03
done 1994-10
done 1994-11
done 1994-12
done 1995-01
done 1995-02
done 1995-03
done 1995-10
done 1995-11
done 1995-12
done 1996-01
done 1996-02
done 1996-03
done 1996-10
done 1996-11
done 1996-12
done 1997-01
done 1997-02
done 1997-03
done 1997-10
done 1997-11
done 1997-12
done 1998-01
done 1998-02
done 1998-03
done 1998-10
done 1998-11
done 1998-12
done 1999-01
done 1999-02
done 1999-03
done 1999-10
done 1999-11
done 1999-12
done 2000-01
done 2000-02
done 2000-03
done 2000-10
done 2000-11
done 2000-12
done 2001-01
done 2001-02
done 2001-03
done 2001-10
done 2001-11
done 2001-12
done 2002-01
done 2002-02
done 2002-03
done 2002-10
done 2002-11
done 2002-12
done 2003-01
done 2003-02
done 2003-03
done 2003-10
done 2003-11
done 2003-12
done 2004-01
done 2004-02
done 2004-03
done 2004-10
done 2004-11
done 2004-12
done 2005-01
done 2005-02
done 2005-03
done 2005-10
done 2005-11
done 2005-12
done 2006-01
done 2006-02
done 2006-03
done 2006-10
done 2006-11
done 2006-12
done 2007-01
done 2007-02
done 2007-03
done 2007-10
done 2007-11
done 2007-12
done 2008-01
done 2008-02
done 2008-03
done 2008-10
done 2008-11
done 2008-12
done 2009-01
done 2009-02
done 2009-03
done 2009-10
done 2009-11
done 2009-12
done 2010-01
done 2010-02
done 2010-03
done 2010-10
done 2010-11
done 2010-12
done 2011-01
done 2011-02
done 2011-03
done 2011-10
done 2011-11
done 2011-12
done 2012-01
done 2012-02
done 2012-03
done 2012-10
done 2012-11
done 2012-12
done 2013-01
done 2013-02
done 2013-03
done 2013-10
done 2013-11
done 2013-12
done 2014-01
done 2014-02
done 2014-03
done 2014-10
done 2014-11
done 2014-12
done 2015-01
done 2015-02
done 2015-03
done 2015-10
done 2015-11
done 2015-12
done 2016-01
done 2016-02
done 2016-03
done 2016-10
done 2016-11
done 2016-12
done 2017-01
done 2017-02
done 2017-03
done 2017-10
done 2017-11
done 2017-12
done 2018-01
done 2018-02
done 2018-03
done 2018-10
done 2018-11
done 2018-12
done 2019-01
done 2019-02
done 2019-03
done 2019-10
done 2019-11
done 2019-12
done 2020-01
done 2020-02
done 2020-03
done 2020-10
done 2020-11
done 2020-12
done 2021-01
done 2021-02
done 2021-03
done 2021-10
done 2021-11
done 2021-12
done 2022-01
done 2022-02
done 2022-03
done 2022-10
done 2022-11
done 2022-12
done 2023-01
done 2023-02
done 2023-03
done 2023-10
done 2023-11
done 2023-12
done 2024-01
done 2024-02
done 2024-03
done 2024-10
done 2024-11
done 2024-12
done 2025-01
done 2025-02
done 2025-03
Step 16J - advection and jet daily diagnostics
Rows: 7290 (expected 7290)
Missing files: none

                             mean     std     min     max
bd_adv850_k_day            -0.058   1.809  -5.773  18.469
nigp_adv850_k_day          -0.079   0.966  -7.085   4.784
jet200_core_lat_70_100e    30.272   4.513  15.000  45.000
jet200_core_speed_70_100e  52.581  11.110  26.011  95.412

