Opened ARCO store. Using variables: {'t2m': 't2m', 'd2m': 'd2m', 'tcc': 'tcc', 'blh': 'blh', 'cbh': 'cbh', 'ssrd': 'ssrd', 'strd': 'strd'} | coords: latitude longitude time
winter 1985/86: 182 days in 2.9 min
winter 1986/87: 182 days in 3.0 min
winter 1987/88: 183 days in 2.6 min
winter 1988/89: 182 days in 2.7 min
winter 1989/90: 182 days in 2.7 min
winter 1990/91: 182 days in 2.7 min
winter 1991/92: 183 days in 2.6 min
winter 1992/93: 182 days in 2.7 min
winter 1993/94: 182 days in 5.1 min
winter 1994/95: 182 days in 3.0 min
winter 1995/96: 183 days in 2.9 min
winter 1996/97: 182 days in 3.3 min
winter 1997/98: 182 days in 3.2 min
winter 1998/99: 182 days in 2.9 min
winter 1999/00: 183 days in 2.6 min
winter 2000/01: 182 days in 2.6 min
winter 2001/02: 182 days in 2.6 min
winter 2002/03: 182 days in 2.6 min
winter 2003/04: 183 days in 2.6 min
winter 2004/05: 182 days in 2.6 min
winter 2005/06: 182 days in 2.7 min
winter 2006/07: 182 days in 2.6 min
winter 2007/08: 183 days in 2.6 min
winter 2008/09: 182 days in 2.6 min
winter 2009/10: 182 days in 2.6 min
winter 2010/11: 182 days in 2.6 min
winter 2011/12: 183 days in 2.6 min
winter 2012/13: 182 days in 2.6 min
winter 2013/14: 182 days in 2.6 min
winter 2014/15: 182 days in 2.6 min
winter 2015/16: 183 days in 2.5 min
winter 2016/17: 182 days in 5.1 min
winter 2017/18: 182 days in 3.2 min
winter 2018/19: 182 days in 2.6 min
winter 2019/20: 183 days in 2.7 min
winter 2020/21: 182 days in 2.6 min
winter 2021/22: 182 days in 2.7 min
winter 2022/23: 182 days in 2.7 min
winter 2023/24: 183 days in 2.7 min
winter 2024/25: 182 days in 3.4 min
Step 16K3 - ARCO cloud/radiation daily series
Rows: 7290 (expected 7290)
Days with fewer than 24 hours: 0
Period: 1985-10-01 to 2025-03-31

                            mean      std      min       max
tcc_mean                   0.289    0.237    0.001     1.000
lowcloud1000_frac_mean     0.207    0.236    0.000     0.986
fog300_frac_mean           0.055    0.074    0.000     0.616
td2m_mean                 17.130    3.831    6.892    26.481
blh_mean                 398.948   88.118  189.265   809.025
ssrd_wm2                 194.189   37.479   32.152   298.372
strd_wm2                 358.988   31.828  286.295   439.378
hours_present             24.000    0.000   24.000    24.000
tcc_00utc                  0.349    0.250    0.000     1.000
tcc_06utc                  0.291    0.249    0.000     1.000
lowcloud1000_frac_00utc    0.283    0.266    0.000     1.000
lowcloud1000_frac_06utc    0.226    0.282    0.000     1.000
fog300_frac_00utc          0.141    0.148    0.000     0.818
dpd_00utc                  2.435    0.784    0.741     8.196
blh_06utc                956.925  218.496  317.256  1976.664

